Flutter crash report.
Please report a bug at https://github.com/flutter/flutter/issues.

## command

flutter pub get --no-example

## exception

PathAccessException: PathAccessException: Cannot open file, path = 'C:\Users\t61677uhn\OneDrive - UHN\Persoenlich\Violin Motivation\Violin_flutter\flutter_testapplication\linux\flutter\generated_plugin_registrant.cc' (OS Error: The process cannot access the file because it is being used by another process.
, errno = 32)

```
#0      _checkForErrorResponse (dart:io/common.dart:58:9)
#1      _File.open.<anonymous closure> (dart:io/file_impl.dart:442:7)
#2      _rootRunUnary (dart:async/zone.dart:1538:47)
#3      _CustomZone.runUnary (dart:async/zone.dart:1429:19)
<asynchronous suspension>
#4      _File.readAsBytes.<anonymous closure> (dart:io/file_impl.dart:649:24)
<asynchronous suspension>
#5      _fileContentsUnchanged (package:flutter_tools/src/flutter_plugins.dart:38:31)
<asynchronous suspension>
#6      _renderTemplateToFile (package:flutter_tools/src/flutter_plugins.dart:49:7)
<asynchronous suspension>
#7      _writeLinuxPluginRegistrant (package:flutter_tools/src/flutter_plugins.dart:874:3)
<asynchronous suspension>
#8      _writeLinuxPluginFiles (package:flutter_tools/src/flutter_plugins.dart:856:3)
<asynchronous suspension>
#9      injectPlugins (package:flutter_tools/src/flutter_plugins.dart:1278:5)
<asynchronous suspension>
#10     FlutterProject.ensureReadyForPlatformSpecificTooling (package:flutter_tools/src/project.dart:395:5)
<asynchronous suspension>
#11     PackagesGetCommand.runCommand (package:flutter_tools/src/commands/packages.dart:395:9)
<asynchronous suspension>
#12     FlutterCommand.run.<anonymous closure> (package:flutter_tools/src/runner/flutter_command.dart:1581:27)
<asynchronous suspension>
#13     AppContext.run.<anonymous closure> (package:flutter_tools/src/base/context.dart:154:19)
<asynchronous suspension>
#14     CommandRunner.runCommand (package:args/command_runner.dart:212:13)
<asynchronous suspension>
#15     FlutterCommandRunner.runCommand.<anonymous closure> (package:flutter_tools/src/runner/flutter_command_runner.dart:503:9)
<asynchronous suspension>
#16     AppContext.run.<anonymous closure> (package:flutter_tools/src/base/context.dart:154:19)
<asynchronous suspension>
#17     FlutterCommandRunner.runCommand (package:flutter_tools/src/runner/flutter_command_runner.dart:438:5)
<asynchronous suspension>
#18     run.<anonymous closure>.<anonymous closure> (package:flutter_tools/runner.dart:98:11)
<asynchronous suspension>
#19     AppContext.run.<anonymous closure> (package:flutter_tools/src/base/context.dart:154:19)
<asynchronous suspension>
#20     main (package:flutter_tools/executable.dart:101:3)
<asynchronous suspension>
```

## flutter doctor

```
[!] Flutter (Channel stable, 3.35.6, on Microsoft Windows [Version 10.0.22631.5768], locale en-CA) [253ms]
    • Flutter version 3.35.6 on channel stable at C:\Users\t61677uhn\flutter
    ! The flutter binary is not on your path. Consider adding C:\Users\t61677uhn\flutter\bin to your path.
    ! The dart binary is not on your path. Consider adding C:\Users\t61677uhn\flutter\bin to your path.
    • Upstream repository https://github.com/flutter/flutter.git
    • Framework revision 9f455d2486 (10 days ago), 2025-10-08 14:55:31 -0500
    • Engine revision d2913632a4
    • Dart version 3.9.2
    • DevTools version 2.48.0
    • Feature flags: enable-web, enable-linux-desktop, enable-macos-desktop, enable-windows-desktop, enable-android, enable-ios, cli-animations, enable-lldb-debugging
    • If those were intentional, you can disregard the above warnings; however it is recommended to use "git" directly to perform update checks and upgrades.

[✓] Windows Version (11 Enterprise 64-bit) [1,634ms]

[✗] Android toolchain - develop for Android devices [15ms]
    ✗ Unable to locate Android SDK.
      Install Android Studio from: https://developer.android.com/studio/index.html
      On first launch it will assist you in installing the Android SDK components.
      (or visit https://flutter.dev/to/windows-android-setup for detailed instructions).
      If the Android SDK has been installed to a custom location, please use
      `flutter config --android-sdk` to update to that location.


[✓] Chrome - develop for the web [6ms]
    • Chrome at C:\Program Files\Google\Chrome\Application\chrome.exe

[✗] Visual Studio - develop Windows apps [5ms]
    ✗ Visual Studio not installed; this is necessary to develop Windows apps.
      Download at https://visualstudio.microsoft.com/downloads/.
      Please install the "Desktop development with C++" workload, including all of its default components

[!] Android Studio (not installed) [3ms]
    • Android Studio not found; download from https://developer.android.com/studio/index.html
      (or visit https://flutter.dev/to/windows-android-setup for detailed instructions).

[✓] VS Code (version 1.105.1) [3ms]
    • VS Code at C:\Users\t61677uhn\AppData\Local\Programs\Microsoft VS Code
    • Flutter extension version 3.120.0

[✓] Connected device (2 available) [137ms]
    • Windows (desktop) • windows • windows-x64    • Microsoft Windows [Version 10.0.22631.5768]
    • Chrome (web)      • chrome  • web-javascript • unknown

[✓] Network resources [272ms]
    • All expected network resources are available.

! Doctor found issues in 4 categories.
```
